>>> add = __import__("0-add_integer").add_integer

>>> add(1, 4)
5

>>> add_integer(-2, -8)
-10

>>> add(7, -6)
1

>>> add(5.3, -2)
3

>>> add_integer("l", 5)
Traceback (most recent call last):
    ...
TypeError: a must be an integer

>>> add_integer(1, "m")
Traceback (most recent call last):
    ...
TypeError: b must be an intege

>>> add_integer(5.1, 3)
8

>>> add_integer(4, 2.1)
6

>>> add_integer(3.1, 1.0)
4
